  Determining projects to restore...
D:\Documents\git\teletext-suite-code\teletext-recovery-editor\TeletextRecoveryEditor.csproj : warning NU1701: Package 'Microsoft.WindowsAPICodePack-Core 1.1.0.2' was restored using '.NETFramework,Version=v4.6.1, .NETFramework,Version=v4.6.2, .NETFramework,Version=v4.7, .NETFramework,Version=v4.7.1, .NETFramework,Version=v4.7.2, .NETFramework,Version=v4.8, .NETFramework,Version=v4.8.1' instead of the project target framework 'net8.0-windows7.0'. This package may not be fully compatible with your project.
D:\Documents\git\teletext-suite-code\teletext-recovery-editor\TeletextRecoveryEditor.csproj : warning NU1701: Package 'Microsoft.WindowsAPICodePack-Shell 1.1.0' was restored using '.NETFramework,Version=v4.6.1, .NETFramework,Version=v4.6.2, .NETFramework,Version=v4.7, .NETFramework,Version=v4.7.1, .NETFramework,Version=v4.7.2, .NETFramework,Version=v4.8, .NETFramework,Version=v4.8.1' instead of the project target framework 'net8.0-windows7.0'. This package may not be fully compatible with your project.
  All projects are up-to-date for restore.
D:\Documents\git\teletext-suite-code\teletext-recovery-editor\TeletextRecoveryEditor.csproj : warning NU1701: Package 'Microsoft.WindowsAPICodePack-Core 1.1.0.2' was restored using '.NETFramework,Version=v4.6.1, .NETFramework,Version=v4.6.2, .NETFramework,Version=v4.7, .NETFramework,Version=v4.7.1, .NETFramework,Version=v4.7.2, .NETFramework,Version=v4.8, .NETFramework,Version=v4.8.1' instead of the project target framework 'net8.0-windows7.0'. This package may not be fully compatible with your project.
D:\Documents\git\teletext-suite-code\teletext-recovery-editor\TeletextRecoveryEditor.csproj : warning NU1701: Package 'Microsoft.WindowsAPICodePack-Shell 1.1.0' was restored using '.NETFramework,Version=v4.6.1, .NETFramework,Version=v4.6.2, .NETFramework,Version=v4.7, .NETFramework,Version=v4.7.1, .NETFramework,Version=v4.7.2, .NETFramework,Version=v4.8, .NETFramework,Version=v4.8.1' instead of the project target framework 'net8.0-windows7.0'. This package may not be fully compatible with your project.
D:\Documents\git\teletext-suite-code\teletext-recovery-editor\TeletextRecoveryEditor.cs(18,7): warning CS0105: The using directive for 'TeletextStreamCreator' appeared previously in this namespace [D:\Documents\git\teletext-suite-code\teletext-recovery-editor\TeletextRecoveryEditor.csproj]
D:\Documents\git\teletext-suite-code\teletext-recovery-editor\CharacterMap.cs(19,17): error CS0104: 'Timer' is an ambiguous reference between 'System.Windows.Forms.Timer' and 'System.Threading.Timer' [D:\Documents\git\teletext-suite-code\teletext-recovery-editor\TeletextRecoveryEditor.csproj]

Build FAILED.

D:\Documents\git\teletext-suite-code\teletext-recovery-editor\TeletextRecoveryEditor.csproj : warning NU1701: Package 'Microsoft.WindowsAPICodePack-Core 1.1.0.2' was restored using '.NETFramework,Version=v4.6.1, .NETFramework,Version=v4.6.2, .NETFramework,Version=v4.7, .NETFramework,Version=v4.7.1, .NETFramework,Version=v4.7.2, .NETFramework,Version=v4.8, .NETFramework,Version=v4.8.1' instead of the project target framework 'net8.0-windows7.0'. This package may not be fully compatible with your project.
D:\Documents\git\teletext-suite-code\teletext-recovery-editor\TeletextRecoveryEditor.csproj : warning NU1701: Package 'Microsoft.WindowsAPICodePack-Shell 1.1.0' was restored using '.NETFramework,Version=v4.6.1, .NETFramework,Version=v4.6.2, .NETFramework,Version=v4.7, .NETFramework,Version=v4.7.1, .NETFramework,Version=v4.7.2, .NETFramework,Version=v4.8, .NETFramework,Version=v4.8.1' instead of the project target framework 'net8.0-windows7.0'. This package may not be fully compatible with your project.
D:\Documents\git\teletext-suite-code\teletext-recovery-editor\TeletextRecoveryEditor.csproj : warning NU1701: Package 'Microsoft.WindowsAPICodePack-Core 1.1.0.2' was restored using '.NETFramework,Version=v4.6.1, .NETFramework,Version=v4.6.2, .NETFramework,Version=v4.7, .NETFramework,Version=v4.7.1, .NETFramework,Version=v4.7.2, .NETFramework,Version=v4.8, .NETFramework,Version=v4.8.1' instead of the project target framework 'net8.0-windows7.0'. This package may not be fully compatible with your project.
D:\Documents\git\teletext-suite-code\teletext-recovery-editor\TeletextRecoveryEditor.csproj : warning NU1701: Package 'Microsoft.WindowsAPICodePack-Shell 1.1.0' was restored using '.NETFramework,Version=v4.6.1, .NETFramework,Version=v4.6.2, .NETFramework,Version=v4.7, .NETFramework,Version=v4.7.1, .NETFramework,Version=v4.7.2, .NETFramework,Version=v4.8, .NETFramework,Version=v4.8.1' instead of the project target framework 'net8.0-windows7.0'. This package may not be fully compatible with your project.
D:\Documents\git\teletext-suite-code\teletext-recovery-editor\TeletextRecoveryEditor.cs(18,7): warning CS0105: The using directive for 'TeletextStreamCreator' appeared previously in this namespace [D:\Documents\git\teletext-suite-code\teletext-recovery-editor\TeletextRecoveryEditor.csproj]
D:\Documents\git\teletext-suite-code\teletext-recovery-editor\CharacterMap.cs(19,17): error CS0104: 'Timer' is an ambiguous reference between 'System.Windows.Forms.Timer' and 'System.Threading.Timer' [D:\Documents\git\teletext-suite-code\teletext-recovery-editor\TeletextRecoveryEditor.csproj]
    5 Warning(s)
    1 Error(s)

Time Elapsed 00:00:01.45
